// Jest Snapshot v1, https://goo.gl/fbAQLP

exports[`renders Dashboard componenent correctly 1`] = `
<Context.Provider
  value={null}
>
  <Dashboard
    avatarUrl={null}
    bio={null}
    company={null}
    dashboardAttempt={[Function]}
    location={null}
    name={null}
    store={
      Object {
        "clearActions": [Function],
        "dispatch": [Function],
        "getActions": [Function],
        "getState": [Function],
        "replaceReducer": [Function],
        "subscribe": [Function],
      }
    }
  />
</Context.Provider>
`;
