// Jest Snapshot v1, https://goo.gl/fbAQLP

exports[`renders Dashboard component correctly 1`] = `
<View
  style={
    [
      {
        "alignItems": "center",
        "justifyContent": "center",
      },
    ]
  }
>
  <RCTScrollView
    ListHeaderComponent={
      <Styled(Styled(View))>
        <Styled(Styled(Text))
          color="#2E2E2E"
          fontFamily="Roboto-Bold"
          fontSize={56}
          letterSpacing={0}
          lineHeight={56}
          textAlign="left"
          textTransform="uppercase"
        >
          React Pakistan Open Source Projects
        </Styled(Styled(Text))>
      </Styled(Styled(View))>
    }
    data={
      [
        {
          "banner": "https://res.cloudinary.com/dq6hflqwx/image/upload/v1565548545/GitHub/React_Pakistan_Storybook_Logo.jpg",
          "description": "React Pakistan is an OpenSource & Free Software (FOSS) platform, creating React software solutions for the global community.",
          "id": "react-pakistan-open-source-main-project-1",
          "label": "React Pakistan",
        },
      ]
    }
    getItem={[Function]}
    getItemCount={[Function]}
    keyExtractor={[Function]}
    onContentSizeChange={[Function]}
    onLayout={[Function]}
    onMomentumScrollBegin={[Function]}
    onMomentumScrollEnd={[Function]}
    onScroll={[Function]}
    onScrollBeginDrag={[Function]}
    onScrollEndDrag={[Function]}
    removeClippedSubviews={false}
    renderItem={[Function]}
    scrollEventThrottle={50}
    stickyHeaderIndices={[]}
    viewabilityConfigCallbackPairs={[]}
  >
    <View>
      <View
        onLayout={[Function]}
      >
        <View
          style={
            [
              {
                "alignItems": "center",
                "justifyContent": "center",
                "paddingHorizontal": 32,
                "paddingVertical": 32,
              },
            ]
          }
        >
          <Text
            color="#2E2E2E"
            fontFamily="Roboto-Bold"
            fontSize={56}
            letterSpacing={0}
            lineHeight={56}
            style={
              [
                {
                  "color": "#2E2E2E",
                  "fontFamily": "Roboto-Bold",
                  "fontSize": 56,
                  "letterSpacing": 0,
                  "lineHeight": 56,
                  "textAlign": "left",
                  "textTransform": "uppercase",
                },
              ]
            }
            textAlign="left"
            textTransform="uppercase"
          >
            React Pakistan Open Source Projects
          </Text>
        </View>
      </View>
      <View
        onLayout={[Function]}
        style={null}
      >
        <View
          style={
            [
              {
                "width": 750,
              },
            ]
          }
        >
          <Image
            height={384}
            source={
              {
                "uri": "https://res.cloudinary.com/dq6hflqwx/image/upload/v1565548545/GitHub/React_Pakistan_Storybook_Logo.jpg",
              }
            }
            style={
              [
                {
                  "height": 384,
                  "width": 750,
                },
              ]
            }
            width={750}
          />
          <View
            style={
              [
                {
                  "paddingBottom": 32,
                  "paddingLeft": 32,
                  "paddingRight": 32,
                  "paddingTop": 32,
                },
              ]
            }
          >
            <Text
              color="#2E2E2E"
              fontFamily="Roboto-Medium"
              fontSize={44}
              letterSpacing={0}
              lineHeight={56}
              style={
                [
                  {
                    "color": "#2E2E2E",
                    "fontFamily": "Roboto-Medium",
                    "fontSize": 44,
                    "letterSpacing": 0,
                    "lineHeight": 56,
                    "textAlign": "left",
                    "textTransform": "none",
                  },
                ]
              }
              textAlign="left"
              textTransform="none"
            >
              React Pakistan
            </Text>
            <Text
              color="#2E2E2E"
              fontFamily="Roboto-Regular"
              fontSize={52}
              letterSpacing={0}
              lineHeight={56}
              style={
                [
                  {
                    "color": "#2E2E2E",
                    "fontFamily": "Roboto-Regular",
                    "fontSize": 52,
                    "letterSpacing": 0,
                    "lineHeight": 56,
                    "textAlign": "left",
                    "textTransform": "none",
                  },
                ]
              }
              textAlign="left"
              textTransform="none"
            >
              React Pakistan is an OpenSource & Free Software (FOSS) platform, creating React software solutions for the global community.
            </Text>
          </View>
        </View>
      </View>
    </View>
  </RCTScrollView>
</View>
`;
