// Jest Snapshot v1, https://goo.gl/fbAQLP

exports[`renders MainScreen compomenent correctly 1`] = `
<Context.Provider
  value={null}
>
  <MainScreen
    showApp={true}
    showAppAction={[Function]}
    store={
      Object {
        "clearActions": [Function],
        "dispatch": [Function],
        "getActions": [Function],
        "getState": [Function],
        "replaceReducer": [Function],
        "subscribe": [Function],
      }
    }
  />
</Context.Provider>
`;
