// Jest Snapshot v1, https://goo.gl/fbAQLP

exports[`renders Profile compomenent correctly 1`] = `
<React.Fragment>
  <View
    style={
      Object {
        "alignItems": "center",
        "flex": 1,
        "justifyContent": "center",
      }
    }
  >
    <Text>
      Profile
    </Text>
  </View>
</React.Fragment>
`;
